Microchip MPLAB XC8 Compiler V3.10

Linker command line:

-W-3 \
  --edf=C:\Program Files\Microchip\xc8\v3.10\pic\dat\20250813170317_en.msgs \
  -cn -h+dist/default/production\CAN-car_model.X.production.sym \
  --cmf=dist/default/production\CAN-car_model.X.production.cmf -z -Q18F4580 \
  -oC:\Users\HP\AppData\Local\Temp\xcAsfuo.0\driver_tmp_3.o \
  --defsym=__MPLAB_BUILD=1 --fixupoverflow=error \
  -Mdist/default/production/CAN-car_model.X.production.map \
  --md=C:\Users\HP\AppData\Local\Temp\xcAsfuo.0\driver_tmp_0.dat -E1 \
  -ver=XC8 Compiler -ACODE=00h-03000h -ACONST=00h-03000h \
  -ASMALLCONST=0600h-06FFhx42,03000h-03000h -AMEDIUMCONST=0600h-03000h \
  -ACOMRAM=01h-05Fh -AABS1=00h-05FFh -ABIGRAM=01h-05FFh \
  -ARAM=060h-0FFh,0100h-01FFhx5 -ABANK0=060h-0FFh -ABANK1=0100h-01FFh \
  -ABANK2=0200h-02FFh -ABANK3=0300h-03FFh -ABANK4=0400h-04FFh \
  -ABANK5=0500h-05FFh -ASFR=0D00h-0DFFhx2,0F00h-0F5Fh,0F60h-0FFFh \
  -ABIGSFR=0D00h-0FFFh -ACONFIG=0300000h-030000Dh -AIDLOC=0200000h-0200007h \
  -AEEDATA=0F00000h-0F000FFh -peeprom_data=EEDATA \
  -preset_vec=00h,intcode=8h,intcodelo=18h,sivt_lo,sivt_hi=CODE \
  -ppowerup=CODE,init -pramtop=0600h -psmallconst=SMALLCONST \
  -pmediumconst=MEDIUMCONST -pconst=CONST -AFARRAM=00h-00h \
  -prdata=COMRAM,nvrram=COMRAM,nvbit=COMRAM,rbss=COMRAM,rbit=COMRAM \
  -pfarbss=FARRAM,fardata=FARRAM,nvFARRAM=FARRAM \
  -pintsave_regs=BIGRAM,bigbss=BIGRAM,bigdata=BIGRAM -pbss=RAM \
  -pidata=CODE,irdata=CODE,ibigdata=CODE,ifardata=CODE -prparam=COMRAM \
  C:\Users\HP\AppData\Local\Temp\xcAsfuo.0\driver_tmp_9.o \
  dist/default/production\CAN-car_model.X.production.o 

Object code version is 3.11

Machine type is 18F4580



                Name                               Link     Load   Length Selector   Space Scale
C:\Users\HP\AppData\Local\Temp\xcAsfuo.0\driver_tmp_9.o
                init                               2FFC     2FFC        4     17FE       0
                reset_vec                             0        0        4        0       0
dist/default/production\CAN-car_model.X.production.o
                mediumconst                        2FEE     2FEE        E     17F7       0
                text15                             2448     2448       3A     1224       0
                text14                             252C     252C       6C     1296       0
                text13                             29A4     29A4      108     14D2       0
                text12                             260A     260A       74     1305       0
                text11                             2724     2724       AE     1392       0
                text10                             2C60     2C60      38E     1630       0
                text9                              289E     289E      106     144F       0
                text8                              2598     2598       72     12CC       0
                text7                              24C8     24C8       64     1264       0
                text6                              2AAC     2AAC      1B4     1556       0
                text5                              2482     2482       46     1241       0
                text4                              27D2     27D2       CC     13E9       0
                text3                              23BE     23BE       1C     11DF       0
                text2                              267E     267E       A6     133F       0
                text1                              23AC     23AC       12     11D6       0
                text0                              23DA     23DA       1C     11ED       0
                cstackCOMRAM                          1        1       3C        1       1
                dataCOMRAM                           3D       3D       1C        1       1
                bssCOMRAM                            59       59        6        1       1
                cinit                              2412     2412       36     1209       0
                idataCOMRAM                        23F6     23F6       1C     23F6       0

TOTAL           Name                               Link     Load   Length     Space
        CLASS   CODE           
                init                               2FFC     2FFC        4         0
                reset_vec                             0        0        4         0
                text15                             2448     2448       3A         0
                text14                             252C     252C       6C         0
                text13                             29A4     29A4      108         0
                text12                             260A     260A       74         0
                text11                             2724     2724       AE         0
                text10                             2C60     2C60      38E         0
                text9                              289E     289E      106         0
                text8                              2598     2598       72         0
                text7                              24C8     24C8       64         0
                text6                              2AAC     2AAC      1B4         0
                text5                              2482     2482       46         0
                text4                              27D2     27D2       CC         0
                text3                              23BE     23BE       1C         0
                text2                              267E     267E       A6         0
                text1                              23AC     23AC       12         0
                text0                              23DA     23DA       1C         0
                cinit                              2412     2412       36         0
                idataCOMRAM                        23F6     23F6       1C         0

        CLASS   CONST          

        CLASS   SMALLCONST     

        CLASS   MEDIUMCONST    
                mediumconst                        2FEE     2FEE        E         0

        CLASS   COMRAM         
                cstackCOMRAM                          1        1       3C         1
                dataCOMRAM                           3D       3D       1C         1
                bssCOMRAM                            59       59        6         1

        CLASS   ABS1           

        CLASS   BIGRAM         

        CLASS   RAM            

        CLASS   BANK0          

        CLASS   BANK1          

        CLASS   BANK2          

        CLASS   BANK3          

        CLASS   BANK4          

        CLASS   BANK5          

        CLASS   SFR            

        CLASS   BIGSFR         

        CLASS   CONFIG         

        CLASS   IDLOC          

        CLASS   EEDATA         

        CLASS   FARRAM         

        CLASS   HEAP           

        CLASS   STACK          



SEGMENTS        Name                           Load    Length   Top    Selector   Space  Class

                reset_vec                      000000  000004  000004         0       0  CODE    
                cstackCOMRAM                   000001  00005E  00005F         1       1  COMRAM  
                text1                          0023AC  000012  0023BE      11D6       0  CODE    
                text3                          0023BE  00001C  0023DA      11DF       0  CODE    
                text0                          0023DA  00001C  0023F6      11ED       0  CODE    
                idataCOMRAM                    0023F6  00001C  002412      23F6       0  CODE    
                cinit                          002412  000036  002448      1209       0  CODE    
                text15                         002448  00003A  002482      1224       0  CODE    
                text5                          002482  000046  0024C8      1241       0  CODE    
                text7                          0024C8  000064  00252C      1264       0  CODE    
                text14                         00252C  00006C  002598      1296       0  CODE    
                text8                          002598  000072  00260A      12CC       0  CODE    
                text12                         00260A  000074  00267E      1305       0  CODE    
                text2                          00267E  0000A6  002724      133F       0  CODE    
                text11                         002724  0000AE  0027D2      1392       0  CODE    
                text4                          0027D2  0000CC  00289E      13E9       0  CODE    
                text9                          00289E  000106  0029A4      144F       0  CODE    
                text13                         0029A4  000108  002AAC      14D2       0  CODE    
                text6                          002AAC  0001B4  002C60      1556       0  CODE    
                text10                         002C60  00038E  002FEE      1630       0  CODE    
                mediumconst                    002FEE  00000E  002FFC      17F7       0  MEDIUMCO
                init                           002FFC  000004  003000      17FE       0  CODE    


UNUSED ADDRESS RANGES

        Name                Unused          Largest block    Delta
        BANK0            0060-00FF             A0
        BANK1            0100-01FF            100
        BANK2            0200-02FF            100
        BANK3            0300-03FF            100
        BANK4            0400-04FF            100
        BANK5            0500-05FF            100
        BIGRAM           005F-05FF            5A1
        BIGSFR           0D00-0FFF            300
        CODE             0004-23AB           23A8
                         3000-3000              1
        COMRAM           005F-005F              1
        CONFIG           300000-30000D              E
        CONST            0004-23AB           23A8
                         3000-3000              1
        EEDATA           F00000-F000FF            100
        IDLOC            200000-200007              8
        MEDIUMCONST      0600-23AB           1DAC
                         3000-3000              1
        RAM              0060-05FF            100
        SFR              0D00-0FFF            100
        SMALLCONST       0600-23AB            100
                         3000-3000              1

                                  Symbol Table

?___fldiv                    cstackCOMRAM 0016
?___fltol                    cstackCOMRAM 002F
?___lwdiv                    cstackCOMRAM 0001
?___lwmod                    cstackCOMRAM 0001
?___xxtofl                   cstackCOMRAM 0008
?_read_adc                   cstackCOMRAM 0001
_ACQT0                       (abs)        7E03
_ACQT1                       (abs)        7E04
_ACQT2                       (abs)        7E05
_ADCON0                      (abs)        0FC2
_ADCON1                      (abs)        0FC1
_ADCS0                       (abs)        7E00
_ADCS1                       (abs)        7E01
_ADCS2                       (abs)        7E02
_ADFM                        (abs)        7E07
_ADON                        (abs)        7E10
_ADRESH                      (abs)        0FC4
_ADRESL                      (abs)        0FC3
_BRG16                       (abs)        7DC3
_BRGCON1                     (abs)        0F70
_BRGCON2                     (abs)        0F71
_BRGCON3                     (abs)        0F72
_BRGH                        (abs)        7D62
_CANCON                      (abs)        0F6F
_CANSTAT                     (abs)        0F6E
_CREN                        (abs)        7D5C
_ECANCON                     (abs)        0F77
_GO                          (abs)        7E11
_GODONE                      (abs)        7E11
_PORTB                       (abs)        0F81
_PORTBbits                   (abs)        0F81
_PORTD                       (abs)        0F83
_RBPU                        (abs)        7F8F
_RC0                         (abs)        7C10
_RC1                         (abs)        7C11
_RC2                         (abs)        7C12
_RCIF                        (abs)        7CF5
_RCREG                       (abs)        0FAE
_RD7                         (abs)        7C1F
_RX9                         (abs)        7D5E
_RXB0CON                     (abs)        0F60
_RXB0D0                      (abs)        0F66
_RXB0DLC                     (abs)        0F65
_RXB0FUL                     (abs)        7B07
_RXB0IF                      (abs)        7D20
_RXB0SIDH                    (abs)        0F61
_RXB0SIDL                    (abs)        0F62
_RXFCON0                     (abs)        0DD4
_SENDB                       (abs)        7D63
_SPBRG                       (abs)        0FAF
_SPEN                        (abs)        7D5F
_SYNC                        (abs)        7D64
_TRISB                       (abs)        0F93
_TRISB2                      (abs)        7C9A
_TRISB3                      (abs)        7C9B
_TRISC                       (abs)        0F94
_TRISC6                      (abs)        7CA6
_TRISC7                      (abs)        7CA7
_TRISD                       (abs)        0F95
_TRISD7                      (abs)        7CAF
_TX9                         (abs)        7D66
_TXB0D0                      (abs)        0F46
_TXB0DLC                     (abs)        0F45
_TXB0EIDH                    (abs)        0F43
_TXB0EIDL                    (abs)        0F44
_TXB0REQ                     (abs)        7A03
_TXB0SIDH                    (abs)        0F41
_TXB0SIDL                    (abs)        0F42
_TXEN                        (abs)        7D65
_TXIF                        (abs)        7CF4
_TXREG                       (abs)        0FAD
_VCFG0                       (abs)        7E0C
_VCFG1                       (abs)        7E0D
__HRAM                       (abs)        0000
__H__absolute__              __absolute__ 0000
__Habs1                      abs1         0000
__Hbank0                     bank0        0000
__Hbank1                     bank1        0000
__Hbank2                     bank2        0000
__Hbank3                     bank3        0000
__Hbank4                     bank4        0000
__Hbank5                     bank5        0000
__Hbigbss                    bigbss       0000
__Hbigdata                   bigdata      0000
__Hbigram                    bigram       0000
__Hbigsfr                    bigsfr       0000
__Hbss                       bss          0000
__HbssCOMRAM                 bssCOMRAM    0000
__Hcinit                     cinit        0000
__Hclrtext                   clrtext      0000
__Hcomram                    comram       0000
__Hconfig                    config       0000
__Hconst                     const        0000
__HcstackCOMRAM              cstackCOMRAM 0000
__Hdata                      data         0000
__HdataCOMRAM                dataCOMRAM   0000
__Heeprom_data               eeprom_data  0000
__Hfarbss                    farbss       0000
__Hfardata                   fardata      0000
__Hheap                      heap         0000
__Hibigdata                  ibigdata     0000
__Hidata                     idata        0000
__HidataCOMRAM               idataCOMRAM  0000
__Hidloc                     idloc        0000
__Hifardata                  ifardata     0000
__Hinit                      init         3000
__Hintcode                   intcode      0008
__Hintcode_body              intcode_body 0000
__Hintcodelo                 intcodelo    0018
__Hintentry                  intentry     0000
__Hintret                    intret       0000
__Hintsave_regs              intsave_regs 0000
__Hirdata                    irdata       0000
__Hmediumconst               mediumconst  2FFC
__HnvFARRAM                  nvFARRAM     0000
__Hnvbit                     nvbit        0000
__Hnvrram                    nvrram       0000
__Hparam                     rparam       0000
__Hpowerup                   powerup      0000
__Hram                       ram          0000
__Hramtop                    ramtop       0600
__Hrbit                      rbit         0000
__Hrbss                      rbss         0000
__Hrdata                     rdata        0000
__Hreset_vec                 reset_vec    0004
__Hrparam                    rparam       0000
__Hsfr                       sfr          0000
__Hsivt_hi                   sivt_hi      0000
__Hsivt_lo                   sivt_lo      0018
__Hsmallconst                smallconst   0000
__Hspace_0                   (abs)        3000
__Hspace_1                   (abs)        005F
__Hspace_2                   (abs)        0000
__Hspace_4                   (abs)        0000
__Hstack                     stack        0000
__Hstruct                    struct       0000
__Htemp                      temp         0000
__Htext                      text         0000
__Htext0                     text0        0000
__Htext1                     text1        0000
__Htext10                    text10       0000
__Htext11                    text11       0000
__Htext12                    text12       0000
__Htext13                    text13       0000
__Htext14                    text14       0000
__Htext15                    text15       0000
__Htext2                     text2        0000
__Htext3                     text3        0000
__Htext4                     text4        0000
__Htext5                     text5        0000
__Htext6                     text6        0000
__Htext7                     text7        0000
__Htext8                     text8        0000
__Htext9                     text9        0000
__LRAM                       (abs)        0001
__L__absolute__              __absolute__ 0000
__Labs1                      abs1         0000
__Lbank0                     bank0        0000
__Lbank1                     bank1        0000
__Lbank2                     bank2        0000
__Lbank3                     bank3        0000
__Lbank4                     bank4        0000
__Lbank5                     bank5        0000
__Lbigbss                    bigbss       0000
__Lbigdata                   bigdata      0000
__Lbigram                    bigram       0000
__Lbigsfr                    bigsfr       0000
__Lbss                       bss          0000
__LbssCOMRAM                 bssCOMRAM    0000
__Lcinit                     cinit        0000
__Lclrtext                   clrtext      0000
__Lcomram                    comram       0000
__Lconfig                    config       0000
__Lconst                     const        0000
__LcstackCOMRAM              cstackCOMRAM 0000
__Ldata                      data         0000
__LdataCOMRAM                dataCOMRAM   0000
__Leeprom_data               eeprom_data  0000
__Lfarbss                    farbss       0000
__Lfardata                   fardata      0000
__Lheap                      heap         0000
__Libigdata                  ibigdata     0000
__Lidata                     idata        0000
__LidataCOMRAM               idataCOMRAM  0000
__Lidloc                     idloc        0000
__Lifardata                  ifardata     0000
__Linit                      init         2FFC
__Lintcode                   intcode      0008
__Lintcode_body              intcode_body 0000
__Lintcodelo                 intcodelo    0018
__Lintentry                  intentry     0000
__Lintret                    intret       0000
__Lintsave_regs              intsave_regs 0000
__Lirdata                    irdata       0000
__Lmediumconst               mediumconst  2FEE
__LnvFARRAM                  nvFARRAM     0000
__Lnvbit                     nvbit        0000
__Lnvrram                    nvrram       0000
__Lparam                     rparam       0000
__Lpowerup                   powerup      0000
__Lram                       ram          0000
__Lramtop                    ramtop       0600
__Lrbit                      rbit         0000
__Lrbss                      rbss         0000
__Lrdata                     rdata        0000
__Lreset_vec                 reset_vec    0000
__Lrparam                    rparam       0000
__Lsfr                       sfr          0000
__Lsivt_hi                   sivt_hi      0000
__Lsivt_lo                   sivt_lo      0018
__Lsmallconst                smallconst   0000
__Lspace_0                   (abs)        0000
__Lspace_1                   (abs)        0000
__Lspace_2                   (abs)        0000
__Lspace_4                   (abs)        0000
__Lstack                     stack        0000
__Lstruct                    struct       0000
__Ltemp                      temp         0000
__Ltext                      text         0000
__Ltext0                     text0        0000
__Ltext1                     text1        0000
__Ltext10                    text10       0000
__Ltext11                    text11       0000
__Ltext12                    text12       0000
__Ltext13                    text13       0000
__Ltext14                    text14       0000
__Ltext15                    text15       0000
__Ltext2                     text2        0000
__Ltext3                     text3        0000
__Ltext4                     text4        0000
__Ltext5                     text5        0000
__Ltext6                     text6        0000
__Ltext7                     text7        0000
__Ltext8                     text8        0000
__Ltext9                     text9        0000
__S0                         (abs)        3000
__S1                         (abs)        005F
__S4                         (abs)        0000
__S5                         (abs)        0000
___fldiv                     text10       2C60
___fldiv@a                   cstackCOMRAM 001A
___fldiv@aexp                cstackCOMRAM 002E
___fldiv@b                   cstackCOMRAM 0016
___fldiv@bexp                cstackCOMRAM 002D
___fldiv@grs                 cstackCOMRAM 0029
___fldiv@new_exp             cstackCOMRAM 0027
___fldiv@rem                 cstackCOMRAM 0022
___fldiv@sign                cstackCOMRAM 0026
___fltol                     text9        289E
___fltol@exp1                cstackCOMRAM 0038
___fltol@f1                  cstackCOMRAM 002F
___fltol@sign1               cstackCOMRAM 0037
___heap_hi                   (abs)        0000
___heap_lo                   (abs)        0000
___inthi_sp                  stack        0000
___inthi_stack_hi            stack        0000
___inthi_stack_lo            stack        0000
___intlo_sp                  stack        0000
___intlo_stack_hi            stack        0000
___intlo_stack_lo            stack        0000
___lwdiv                     text8        2598
___lwdiv@counter             cstackCOMRAM 0007
___lwdiv@dividend            cstackCOMRAM 0001
___lwdiv@divisor             cstackCOMRAM 0003
___lwdiv@quotient            cstackCOMRAM 0005
___lwmod                     text7        24C8
___lwmod@counter             cstackCOMRAM 0005
___lwmod@dividend            cstackCOMRAM 0001
___lwmod@divisor             cstackCOMRAM 0003
___param_bank                (abs)        0000
___rparam_used               (abs)        0001
___sp                        stack        0000
___stack_hi                  stack        0000
___stack_lo                  stack        0000
___xxtofl                    text6        2AAC
___xxtofl@arg                cstackCOMRAM 0012
___xxtofl@exp                cstackCOMRAM 0011
___xxtofl@sign               cstackCOMRAM 0010
___xxtofl@val                cstackCOMRAM 0008
__accesstop                  (abs)        0060
__activetblptr               (abs)        0002
__end_of___fldiv             text10       2FEE
__end_of___fltol             text9        29A4
__end_of___lwdiv             text8        260A
__end_of___lwmod             text7        252C
__end_of___xxtofl            text6        2C60
__end_of__initialization     cinit        243E
__end_of_clcd_print          text14       2598
__end_of_clcd_write          text15       2482
__end_of_get_gear_pos        text11       27D2
__end_of_get_speed           text4        289E
__end_of_init_adc            text3        23DA
__end_of_init_clcd           text2        2724
__end_of_init_matrix_keypad  text1        23BE
__end_of_main                text0        23F6
__end_of_read_adc            text5        24C8
__end_of_read_switches       text12       267E
__end_of_scan_key            text13       2AAC
__initialization             cinit        2412
__mediumconst                mediumconst  2FEE
__pbssCOMRAM                 bssCOMRAM    0059
__pcinit                     cinit        2412
__pcstackCOMRAM              cstackCOMRAM 0001
__pdataCOMRAM                dataCOMRAM   003D
__pidataCOMRAM               idataCOMRAM  23F6
__pmediumconst               mediumconst  2FEE
__ptext0                     text0        23DA
__ptext1                     text1        23AC
__ptext10                    text10       2C60
__ptext11                    text11       2724
__ptext12                    text12       260A
__ptext13                    text13       29A4
__ptext14                    text14       252C
__ptext15                    text15       2448
__ptext2                     text2        267E
__ptext3                     text3        23BE
__ptext4                     text4        27D2
__ptext5                     text5        2482
__ptext6                     text6        2AAC
__ptext7                     text7        24C8
__ptext8                     text8        2598
__ptext9                     text9        289E
__ramtop                     ramtop       0600
__smallconst                 mediumconst  2FEE
_clcd_print                  text14       252C
_clcd_write                  text15       2448
_gear                        dataCOMRAM   003E
_get_gear_pos                text11       2724
_get_speed                   text4        27D2
_index                       bssCOMRAM    0059
_init_adc                    text3        23BE
_init_clcd                   text2        267E
_init_matrix_keypad          text1        23AC
_main                        text0        23DA
_read_adc                    text5        2482
_read_switches               text12       260A
_scan_key                    text13       29A4
_str                         bssCOMRAM    005C
clcd_print@addr              cstackCOMRAM 0005
clcd_print@data              cstackCOMRAM 0003
clcd_write@byte              cstackCOMRAM 0002
clcd_write@control_bit       cstackCOMRAM 0001
end_of_initialization        cinit        243E
get_gear_pos@key             cstackCOMRAM 0007
get_speed@i                  cstackCOMRAM 0039
get_speed@speed              cstackCOMRAM 003B
intlevel0                    text         0000
intlevel1                    text         0000
intlevel2                    text         0000
intlevel3                    text         0000
isa$std                      (abs)        0001
isa$xinst                    (abs)        0000
read_adc@channel             cstackCOMRAM 0007
read_adc@reg_val             cstackCOMRAM 0005
read_switches@detection_type cstackCOMRAM 0001
read_switches@key            bssCOMRAM    005B
read_switches@once           dataCOMRAM   003D
stackhi                      (abs)        0000
stacklo                      (abs)        0000
start                        init         2FFC
start_initialization         cinit        2412


MODULE INFORMATION

Module		Function		Class		Link	Load	Size
digital_keypad.c
		_init_matrix_keypad		CODE           	23AC	0000	18
		_read_switches 		CODE           	260A	0000	116
		_scan_key      		CODE           	29A4	0000	264

digital_keypad.c estimated size: 398

C:\Program Files\Microchip\xc8\v3.10\pic\sources\c99\common\lwmod.c
		___lwmod       		CODE           	24C8	0000	100

C:\Program Files\Microchip\xc8\v3.10\pic\sources\c99\common\lwmod.c estimated size: 100

ecu1_main.c
		_main          		CODE           	23DA	0000	28

ecu1_main.c estimated size: 28

C:\Program Files\Microchip\xc8\v3.10\pic\sources\c99\common\lwdiv.c
		___lwdiv       		CODE           	2598	0000	114

C:\Program Files\Microchip\xc8\v3.10\pic\sources\c99\common\lwdiv.c estimated size: 114

adc.c
		_init_adc      		CODE           	23BE	0000	28
		_read_adc      		CODE           	2482	0000	70

adc.c estimated size: 98

C:\Program Files\Microchip\xc8\v3.10\pic\sources\c99\common\fltol.c
		___fltol       		CODE           	289E	0000	262

C:\Program Files\Microchip\xc8\v3.10\pic\sources\c99\common\fltol.c estimated size: 262

C:\Program Files\Microchip\xc8\v3.10\pic\sources\c99\common\xxtofl.c
		___xxtofl      		CODE           	2AAC	0000	436

C:\Program Files\Microchip\xc8\v3.10\pic\sources\c99\common\xxtofl.c estimated size: 436

C:\Program Files\Microchip\xc8\v3.10\pic\sources\c99\common\sprcdiv.c
		___fldiv       		CODE           	2C60	0000	910

C:\Program Files\Microchip\xc8\v3.10\pic\sources\c99\common\sprcdiv.c estimated size: 910

shared
		__initialization		CODE           	2412	0000	44

shared estimated size: 44

clcd.c
		_clcd_write    		CODE           	2448	0000	58
		_clcd_print    		CODE           	252C	0000	108
		_init_clcd     		CODE           	267E	0000	166

clcd.c estimated size: 332

ecu1_sensor.c
		_get_speed     		CODE           	27D2	0000	204
		_get_gear_pos  		CODE           	2724	0000	174

ecu1_sensor.c estimated size: 378

