Microchip MPLAB XC8 Compiler V3.10

Linker command line:

-W-3 \
  --edf=C:\Program Files\Microchip\xc8\v3.10\pic\dat\20250813170317_en.msgs \
  -cn -h+dist/default/production\CAN-car_model2.X.production.sym \
  --cmf=dist/default/production\CAN-car_model2.X.production.cmf -z \
  -Q18F4580 -oC:\Users\HP\AppData\Local\Temp\xcAsj1c.0\driver_tmp_3.o \
  --defsym=__MPLAB_BUILD=1 --fixupoverflow=error \
  -Mdist/default/production/CAN-car_model2.X.production.map \
  --md=C:\Users\HP\AppData\Local\Temp\xcAsj1c.0\driver_tmp_0.dat -E1 \
  -ver=XC8 Compiler -ACODE=00h-03000h -ACONST=00h-03000h \
  -ASMALLCONST=0600h-06FFhx42,03000h-03000h -AMEDIUMCONST=0600h-03000h \
  -ACOMRAM=01h-05Fh -AABS1=00h-05FFh -ABIGRAM=01h-05FFh \
  -ARAM=060h-0FFh,0100h-01FFhx5 -ABANK0=060h-0FFh -ABANK1=0100h-01FFh \
  -ABANK2=0200h-02FFh -ABANK3=0300h-03FFh -ABANK4=0400h-04FFh \
  -ABANK5=0500h-05FFh -ASFR=0D00h-0DFFhx2,0F00h-0F5Fh,0F60h-0FFFh \
  -ABIGSFR=0D00h-0FFFh -ACONFIG=0300000h-030000Dh -AIDLOC=0200000h-0200007h \
  -AEEDATA=0F00000h-0F000FFh -peeprom_data=EEDATA \
  -preset_vec=00h,intcode=8h,intcodelo=18h,sivt_lo,sivt_hi=CODE \
  -ppowerup=CODE,init -pramtop=0600h -psmallconst=SMALLCONST \
  -pmediumconst=MEDIUMCONST -pconst=CONST -AFARRAM=00h-00h \
  -prdata=COMRAM,nvrram=COMRAM,nvbit=COMRAM,rbss=COMRAM,rbit=COMRAM \
  -pfarbss=FARRAM,fardata=FARRAM,nvFARRAM=FARRAM \
  -pintsave_regs=BIGRAM,bigbss=BIGRAM,bigdata=BIGRAM -pbss=RAM \
  -pidata=CODE,irdata=CODE,ibigdata=CODE,ifardata=CODE -prparam=COMRAM \
  C:\Users\HP\AppData\Local\Temp\xcAsj1c.0\driver_tmp_9.o \
  dist/default/production\CAN-car_model2.X.production.o 

Object code version is 3.11

Machine type is 18F4580



                Name                               Link     Load   Length Selector   Space Scale
C:\Users\HP\AppData\Local\Temp\xcAsj1c.0\driver_tmp_9.o
                init                               2FFC     2FFC        4     17FE       0
                reset_vec                             0        0        4        0       0
dist/default/production\CAN-car_model2.X.production.o
                smallconst                          600      600        2      300       0
                text14                              70E      70E       C0      301       0
                text13                              7CE      7CE       AE      301       0
                text12                              87C      87C       A4      301       0
                text11                              A80      A80       6A      301       0
                text10                              B6C      B6C       3C      301       0
                text9                               A12      A12       6E      301       0
                text8                               AEA      AEA       46      301       0
                text7                               602      602      10C      301       0
                text6                               BCC      BCC       1C      301       0
                text5                               B30      B30       3C      301       0
                text4                               C0A      C0A        8      301       0
                text3                               BFC      BFC        E      301       0
                text2                               99E      99E       74      301       0
                text1                               920      920       7E      301       0
                text0                               BE8      BE8       14      301       0
                cstackCOMRAM                          1        1       21        1       1
                dataCOMRAM                           29       29        1        1       1
                bssCOMRAM                            22       22        7        1       1
                cinit                               BA8      BA8       24      301       0
                idataCOMRAM                        3000     3000        1     17FE       0

TOTAL           Name                               Link     Load   Length     Space
        CLASS   CODE           
                init                               2FFC     2FFC        4         0
                reset_vec                             0        0        4         0
                text14                              70E      70E       C0         0
                text13                              7CE      7CE       AE         0
                text12                              87C      87C       A4         0
                text11                              A80      A80       6A         0
                text10                              B6C      B6C       3C         0
                text9                               A12      A12       6E         0
                text8                               AEA      AEA       46         0
                text7                               602      602      10C         0
                text6                               BCC      BCC       1C         0
                text5                               B30      B30       3C         0
                text4                               C0A      C0A        8         0
                text3                               BFC      BFC        E         0
                text2                               99E      99E       74         0
                text1                               920      920       7E         0
                text0                               BE8      BE8       14         0
                cinit                               BA8      BA8       24         0
                idataCOMRAM                        3000     3000        1         0

        CLASS   CONST          

        CLASS   SMALLCONST     
                smallconst                          600      600        2         0

        CLASS   MEDIUMCONST    

        CLASS   COMRAM         
                cstackCOMRAM                          1        1       21         1
                dataCOMRAM                           29       29        1         1
                bssCOMRAM                            22       22        7         1

        CLASS   ABS1           

        CLASS   BIGRAM         

        CLASS   RAM            

        CLASS   BANK0          

        CLASS   BANK1          

        CLASS   BANK2          

        CLASS   BANK3          

        CLASS   BANK4          

        CLASS   BANK5          

        CLASS   SFR            

        CLASS   BIGSFR         

        CLASS   CONFIG         

        CLASS   IDLOC          

        CLASS   EEDATA         

        CLASS   FARRAM         

        CLASS   HEAP           

        CLASS   STACK          



SEGMENTS        Name                           Load    Length   Top    Selector   Space  Class

                reset_vec                      000000  000004  000004         0       0  CODE    
                cstackCOMRAM                   000001  000029  00002A         1       1  COMRAM  
                smallconst                     000600  000002  000602       300       0  SMALLCON
                text7                          000602  000610  000C12       301       0  CODE    
                init                           002FFC  000005  003001      17FE       0  CODE    


UNUSED ADDRESS RANGES

        Name                Unused          Largest block    Delta
        BANK0            0060-00FF             A0
        BANK1            0100-01FF            100
        BANK2            0200-02FF            100
        BANK3            0300-03FF            100
        BANK4            0400-04FF            100
        BANK5            0500-05FF            100
        BIGRAM           002A-05FF            5D6
        BIGSFR           0D00-0FFF            300
        CODE             0004-05FF            5FC
                         0C12-2FFB           23EA
        COMRAM           002A-005F             36
        CONFIG           300000-30000D              E
        CONST            0004-05FF            5FC
                         0C12-2FFB           23EA
        EEDATA           F00000-F000FF            100
        IDLOC            200000-200007              8
        MEDIUMCONST      0C12-2FFB           23EA
        RAM              0060-05FF            100
        SFR              0D00-0FFF            100
        SMALLCONST       0C12-2FFB            100

                                  Symbol Table

?___awdiv                          cstackCOMRAM 0001
?___awmod                          cstackCOMRAM 0009
?___lldiv                          cstackCOMRAM 0014
?___lmul                           cstackCOMRAM 0008
?_read_adc                         cstackCOMRAM 0001
_ACQT0                             (abs)        7E03
_ACQT1                             (abs)        7E04
_ACQT2                             (abs)        7E05
_ADCON0                            (abs)        0FC2
_ADCS0                             (abs)        7E00
_ADCS1                             (abs)        7E01
_ADCS2                             (abs)        7E02
_ADFM                              (abs)        7E07
_ADON                              (abs)        7E10
_ADRESH                            (abs)        0FC4
_ADRESL                            (abs)        0FC3
_BRG16                             (abs)        7DC3
_BRGCON1                           (abs)        0F70
_BRGCON2                           (abs)        0F71
_BRGCON3                           (abs)        0F72
_BRGH                              (abs)        7D62
_CANCON                            (abs)        0F6F
_CANSTAT                           (abs)        0F6E
_CREN                              (abs)        7D5C
_ECANCON                           (abs)        0F77
_GO                                (abs)        7E11
_GODONE                            (abs)        7E11
_PORTA                             (abs)        0F80
_PORTC                             (abs)        0F82
_PORTD                             (abs)        0F83
_RCIF                              (abs)        7CF5
_RCREG                             (abs)        0FAE
_RX9                               (abs)        7D5E
_RXB0CON                           (abs)        0F60
_RXB0CONbits                       (abs)        0F60
_RXB0D0                            (abs)        0F66
_RXB0DLC                           (abs)        0F65
_RXB0FUL                           (abs)        7B07
_RXB0IF                            (abs)        7D20
_RXB0SIDH                          (abs)        0F61
_RXB0SIDL                          (abs)        0F62
_RXFCON0                           (abs)        0DD4
_SENDB                             (abs)        7D63
_SPBRG                             (abs)        0FAF
_SPEN                              (abs)        7D5F
_SYNC                              (abs)        7D64
_TRISA                             (abs)        0F92
_TRISB2                            (abs)        7C9A
_TRISB3                            (abs)        7C9B
_TRISC                             (abs)        0F94
_TRISC6                            (abs)        7CA6
_TRISC7                            (abs)        7CA7
_TRISD                             (abs)        0F95
_TX9                               (abs)        7D66
_TXB0D0                            (abs)        0F46
_TXB0DLC                           (abs)        0F45
_TXB0EIDH                          (abs)        0F43
_TXB0EIDL                          (abs)        0F44
_TXB0REQ                           (abs)        7A03
_TXB0SIDH                          (abs)        0F41
_TXB0SIDL                          (abs)        0F42
_TXEN                              (abs)        7D65
_TXIF                              (abs)        7CF4
_TXREG                             (abs)        0FAD
_VCFG0                             (abs)        7E0C
_VCFG1                             (abs)        7E0D
__HRAM                             (abs)        0000
__H__absolute__                    __absolute__ 0000
__Habs1                            abs1         0000
__Hbank0                           bank0        0000
__Hbank1                           bank1        0000
__Hbank2                           bank2        0000
__Hbank3                           bank3        0000
__Hbank4                           bank4        0000
__Hbank5                           bank5        0000
__Hbigbss                          bigbss       0000
__Hbigdata                         bigdata      0000
__Hbigram                          bigram       0000
__Hbigsfr                          bigsfr       0000
__Hbss                             bss          0000
__HbssCOMRAM                       bssCOMRAM    0000
__Hcinit                           cinit        0000
__Hclrtext                         clrtext      0000
__Hcomram                          comram       0000
__Hconfig                          config       0000
__Hconst                           const        0000
__HcstackCOMRAM                    cstackCOMRAM 0000
__Hdata                            data         0000
__HdataCOMRAM                      dataCOMRAM   0000
__Heeprom_data                     eeprom_data  0000
__Hfarbss                          farbss       0000
__Hfardata                         fardata      0000
__Hheap                            heap         0000
__Hibigdata                        ibigdata     0000
__Hidata                           idata        0000
__HidataCOMRAM                     idataCOMRAM  0000
__Hidloc                           idloc        0000
__Hifardata                        ifardata     0000
__Hinit                            init         3000
__Hintcode                         intcode      0008
__Hintcode_body                    intcode_body 0000
__Hintcodelo                       intcodelo    0018
__Hintentry                        intentry     0000
__Hintret                          intret       0000
__Hintsave_regs                    intsave_regs 0000
__Hirdata                          irdata       0000
__Hmediumconst                     mediumconst  0000
__HnvFARRAM                        nvFARRAM     0000
__Hnvbit                           nvbit        0000
__Hnvrram                          nvrram       0000
__Hparam                           rparam       0000
__Hpowerup                         powerup      0000
__Hram                             ram          0000
__Hramtop                          ramtop       0600
__Hrbit                            rbit         0000
__Hrbss                            rbss         0000
__Hrdata                           rdata        0000
__Hreset_vec                       reset_vec    0004
__Hrparam                          rparam       0000
__Hsfr                             sfr          0000
__Hsivt_hi                         sivt_hi      0000
__Hsivt_lo                         sivt_lo      0018
__Hsmallconst                      smallconst   0602
__Hspace_0                         (abs)        3001
__Hspace_1                         (abs)        002A
__Hspace_2                         (abs)        0000
__Hspace_4                         (abs)        0000
__Hstack                           stack        0000
__Hstruct                          struct       0000
__Htemp                            temp         0000
__Htext                            text         0000
__Htext0                           text0        0000
__Htext1                           text1        0000
__Htext10                          text10       0000
__Htext11                          text11       0000
__Htext12                          text12       0000
__Htext13                          text13       0000
__Htext14                          text14       0000
__Htext2                           text2        0000
__Htext3                           text3        0000
__Htext4                           text4        0000
__Htext5                           text5        0000
__Htext6                           text6        0000
__Htext7                           text7        0000
__Htext8                           text8        0000
__Htext9                           text9        0000
__LRAM                             (abs)        0001
__L__absolute__                    __absolute__ 0000
__Labs1                            abs1         0000
__Lbank0                           bank0        0000
__Lbank1                           bank1        0000
__Lbank2                           bank2        0000
__Lbank3                           bank3        0000
__Lbank4                           bank4        0000
__Lbank5                           bank5        0000
__Lbigbss                          bigbss       0000
__Lbigdata                         bigdata      0000
__Lbigram                          bigram       0000
__Lbigsfr                          bigsfr       0000
__Lbss                             bss          0000
__LbssCOMRAM                       bssCOMRAM    0000
__Lcinit                           cinit        0000
__Lclrtext                         clrtext      0000
__Lcomram                          comram       0000
__Lconfig                          config       0000
__Lconst                           const        0000
__LcstackCOMRAM                    cstackCOMRAM 0000
__Ldata                            data         0000
__LdataCOMRAM                      dataCOMRAM   0000
__Leeprom_data                     eeprom_data  0000
__Lfarbss                          farbss       0000
__Lfardata                         fardata      0000
__Lheap                            heap         0000
__Libigdata                        ibigdata     0000
__Lidata                           idata        0000
__LidataCOMRAM                     idataCOMRAM  0000
__Lidloc                           idloc        0000
__Lifardata                        ifardata     0000
__Linit                            init         2FFC
__Lintcode                         intcode      0008
__Lintcode_body                    intcode_body 0000
__Lintcodelo                       intcodelo    0018
__Lintentry                        intentry     0000
__Lintret                          intret       0000
__Lintsave_regs                    intsave_regs 0000
__Lirdata                          irdata       0000
__Lmediumconst                     mediumconst  0000
__LnvFARRAM                        nvFARRAM     0000
__Lnvbit                           nvbit        0000
__Lnvrram                          nvrram       0000
__Lparam                           rparam       0000
__Lpowerup                         powerup      0000
__Lram                             ram          0000
__Lramtop                          ramtop       0600
__Lrbit                            rbit         0000
__Lrbss                            rbss         0000
__Lrdata                           rdata        0000
__Lreset_vec                       reset_vec    0000
__Lrparam                          rparam       0000
__Lsfr                             sfr          0000
__Lsivt_hi                         sivt_hi      0000
__Lsivt_lo                         sivt_lo      0018
__Lsmallconst                      smallconst   0600
__Lspace_0                         (abs)        0000
__Lspace_1                         (abs)        0000
__Lspace_2                         (abs)        0000
__Lspace_4                         (abs)        0000
__Lstack                           stack        0000
__Lstruct                          struct       0000
__Ltemp                            temp         0000
__Ltext                            text         0000
__Ltext0                           text0        0000
__Ltext1                           text1        0000
__Ltext10                          text10       0000
__Ltext11                          text11       0000
__Ltext12                          text12       0000
__Ltext13                          text13       0000
__Ltext14                          text14       0000
__Ltext2                           text2        0000
__Ltext3                           text3        0000
__Ltext4                           text4        0000
__Ltext5                           text5        0000
__Ltext6                           text6        0000
__Ltext7                           text7        0000
__Ltext8                           text8        0000
__Ltext9                           text9        0000
__S0                               (abs)        3001
__S1                               (abs)        002A
__S4                               (abs)        0000
__S5                               (abs)        0000
___awdiv                           text14       070E
___awdiv@counter                   cstackCOMRAM 0005
___awdiv@dividend                  cstackCOMRAM 0001
___awdiv@divisor                   cstackCOMRAM 0003
___awdiv@quotient                  cstackCOMRAM 0007
___awdiv@sign                      cstackCOMRAM 0006
___awmod                           text13       07CE
___awmod@counter                   cstackCOMRAM 000D
___awmod@dividend                  cstackCOMRAM 0009
___awmod@divisor                   cstackCOMRAM 000B
___awmod@sign                      cstackCOMRAM 000E
___heap_hi                         (abs)        0000
___heap_lo                         (abs)        0000
___inthi_sp                        stack        0000
___inthi_stack_hi                  stack        0000
___inthi_stack_lo                  stack        0000
___intlo_sp                        stack        0000
___intlo_stack_hi                  stack        0000
___intlo_stack_lo                  stack        0000
___lldiv                           text12       087C
___lldiv@counter                   cstackCOMRAM 0020
___lldiv@dividend                  cstackCOMRAM 0014
___lldiv@divisor                   cstackCOMRAM 0018
___lldiv@quotient                  cstackCOMRAM 001C
___lmul                            text11       0A80
___lmul@multiplicand               cstackCOMRAM 000C
___lmul@multiplier                 cstackCOMRAM 0008
___lmul@product                    cstackCOMRAM 0010
___param_bank                      (abs)        0000
___rparam_used                     (abs)        0001
___sp                              stack        0000
___stack_hi                        stack        0000
___stack_lo                        stack        0000
__accesstop                        (abs)        0060
__activetblptr                     (abs)        0000
__end_of___awdiv                   text14       07CE
__end_of___awmod                   text13       087C
__end_of___lldiv                   text12       0920
__end_of___lmul                    text11       0AEA
__end_of__initialization           cinit        0BC6
__end_of_can_transmit              text9        0A80
__end_of_get_rpm                   text7        070E
__end_of_init_adc                  text6        0BE8
__end_of_init_can                  text5        0B6C
__end_of_init_config               text3        0C0A
__end_of_init_digital_keypad       text4        0C12
__end_of_main                      text0        0BFC
__end_of_process_indicator         text1        099E
__end_of_read_adc                  text8        0B30
__end_of_read_digital_keypad       text2        0A12
__end_of_set_msg_id_std            text10       0BA8
__initialization                   cinit        0BA8
__mediumconst                      smallconst   0600
__pbssCOMRAM                       bssCOMRAM    0022
__pcinit                           cinit        0BA8
__pcstackCOMRAM                    cstackCOMRAM 0001
__pdataCOMRAM                      dataCOMRAM   0029
__pidataCOMRAM                     idataCOMRAM  3000
__psmallconst                      smallconst   0600
__ptext0                           text0        0BE8
__ptext1                           text1        0920
__ptext10                          text10       0B6C
__ptext11                          text11       0A80
__ptext12                          text12       087C
__ptext13                          text13       07CE
__ptext14                          text14       070E
__ptext2                           text2        099E
__ptext3                           text3        0BFC
__ptext4                           text4        0C0A
__ptext5                           text5        0B30
__ptext6                           text6        0BCC
__ptext7                           text7        0602
__ptext8                           text8        0AEA
__ptext9                           text9        0A12
__ramtop                           ramtop       0600
__smallconst                       smallconst   0600
_can_transmit                      text9        0A12
_get_rpm                           text7        0602
_init_adc                          text6        0BCC
_init_can                          text5        0B30
_init_config                       text3        0BFC
_init_digital_keypad               text4        0C0A
_main                              text0        0BE8
_process_indicator                 text1        0920
_read_adc                          text8        0AEA
_read_digital_keypad               text2        099E
_rpm                               bssCOMRAM    0022
_set_msg_id_std                    text10       0B6C
_ssd                               bssCOMRAM    0024
_status                            bssCOMRAM    0028
can_transmit@data                  cstackCOMRAM 0007
can_transmit@i                     cstackCOMRAM 000E
can_transmit@len                   cstackCOMRAM 0008
can_transmit@msg_id                cstackCOMRAM 0005
can_transmit@ptr                   cstackCOMRAM 000C
end_of_initialization              cinit        0BC6
intlevel0                          text         0000
intlevel1                          text         0000
intlevel2                          text         0000
intlevel3                          text         0000
isa$std                            (abs)        0001
isa$xinst                          (abs)        0000
process_indicator@key              cstackCOMRAM 0011
read_adc@channel                   cstackCOMRAM 0007
read_adc@reg_val                   cstackCOMRAM 0005
read_digital_keypad@detection_type cstackCOMRAM 0001
read_digital_keypad@once           dataCOMRAM   0029
set_msg_id_std@id                  cstackCOMRAM 0001
stackhi                            (abs)        0000
stacklo                            (abs)        0000
start                              init         2FFC
start_initialization               cinit        0BA8


MODULE INFORMATION

Module		Function		Class		Link	Load	Size
ecu2_sensor.c
		_process_indicator		CODE           	0920	0000	126
		_get_rpm       		CODE           	0602	0000	268

ecu2_sensor.c estimated size: 394

digital_keypad.c
		_init_digital_keypad		CODE           	0C0A	0000	8
		_read_digital_keypad		CODE           	099E	0000	116

digital_keypad.c estimated size: 124

C:\Program Files\Microchip\xc8\v3.10\pic\sources\c99\common\awmod.c
		___awmod       		CODE           	07CE	0000	174

C:\Program Files\Microchip\xc8\v3.10\pic\sources\c99\common\awmod.c estimated size: 174

ecu2_main.c
		_main          		CODE           	0BE8	0000	20
		_init_config   		CODE           	0BFC	0000	14

ecu2_main.c estimated size: 34

C:\Program Files\Microchip\xc8\v3.10\pic\sources\c99\common\Umul32.c
		___lmul        		CODE           	0A80	0000	106

C:\Program Files\Microchip\xc8\v3.10\pic\sources\c99\common\Umul32.c estimated size: 106

C:\Program Files\Microchip\xc8\v3.10\pic\sources\c99\common\awdiv.c
		___awdiv       		CODE           	070E	0000	192

C:\Program Files\Microchip\xc8\v3.10\pic\sources\c99\common\awdiv.c estimated size: 192

adc.c
		_init_adc      		CODE           	0BCC	0000	28
		_read_adc      		CODE           	0AEA	0000	70

adc.c estimated size: 98

shared
		__initialization		CODE           	0BA8	0000	30

shared estimated size: 30

can.c
		_set_msg_id_std		CODE           	0B6C	0000	60
		_can_transmit  		CODE           	0A12	0000	110
		_init_can      		CODE           	0B30	0000	60

can.c estimated size: 230

C:\Program Files\Microchip\xc8\v3.10\pic\sources\c99\common\__lldiv.c
		___lldiv       		CODE           	087C	0000	164

C:\Program Files\Microchip\xc8\v3.10\pic\sources\c99\common\__lldiv.c estimated size: 164

